::1 - - [21/Oct/2018:06:52:19 +0000] "GET /testing/088/book/99098 HTTP/1.1" 200 46 "-" "Mozilla/5.0 (Windows NT 10.0; Win64; x64) AppleWebKit/537.36 (KHTML, like Gecko) Chrome/69.0.3497.100 Safari/537.36"
::1 - - [21/Oct/2018:06:53:14 +0000] "GET /testing/0008/book/99098 HTTP/1.1" 200 47 "-" "Mozilla/5.0 (Windows NT 10.0; Win64; x64) AppleWebKit/537.36 (KHTML, like Gecko) Chrome/69.0.3497.100 Safari/537.36"
::1 - - [21/Oct/2018:06:56:40 +0000] "GET /testing/0008/bo6ok/99098 HTTP/1.1" 404 1262 "-" "Mozilla/5.0 (Windows NT 10.0; Win64; x64) AppleWebKit/537.36 (KHTML, like Gecko) Chrome/69.0.3497.100 Safari/537.36"
::1 - - [21/Oct/2018:07:23:50 +0000] "GET /testing/0008/book/99098998 HTTP/1.1" 200 50 "-" "Mozilla/5.0 (Windows NT 10.0; Win64; x64) AppleWebKit/537.36 (KHTML, like Gecko) Chrome/69.0.3497.100 Safari/537.36"
::1 - - [21/Oct/2018:07:36:50 +0000] "GET /testing/0008/book/99098998 HTTP/1.1" 200 50 "-" "Mozilla/5.0 (Windows NT 10.0; Win64; x64) AppleWebKit/537.36 (KHTML, like Gecko) Chrome/69.0.3497.100 Safari/537.36"
::1 - - [21/Oct/2018:07:36:55 +0000] "GET /testing/0008/book/009098998 HTTP/1.1" 200 51 "-" "Mozilla/5.0 (Windows NT 10.0; Win64; x64) AppleWebKit/537.36 (KHTML, like Gecko) Chrome/69.0.3497.100 Safari/537.36"
